B: Line 1
B: Line 2
B: Line 3
